PRECHECK taint=4608 file_nr=46889 sing-box=none
FILE_NR_START 46953	0	1070370
WATCHING duration=1h0m0s file_nr=46953 module=inet=0 skipped=0 app=0 hit=0 miss=0 too_long=0 deleted=0 error=0 kernel=0 unvalidated=0 get=0 put=0 active=1 holders=1
EVENT kind=native pid=304 uid=10356 comm=ip path="/system/bin/ip" verdict=ok 
EVENT kind=native pid=304 uid=10356 comm=ip path="/system/bin/ip" verdict=ok 
EVENT kind=native pid=304 uid=10356 comm=ip path="/system/bin/ip" verdict=ok 
EVENT kind=native pid=304 uid=10356 comm=ip path="/system/bin/ip" verdict=ok 
EVENT kind=native pid=304 uid=10356 comm=ip path="/system/bin/ip" verdict=ok 
PROGRESS t=5m0s events=1833 kinds=map[app:1376 native:457] verdicts=map[app:map[ok:1376] native:map[gone:12 ok:445]] bpf=map[duplicate:0 events:1833 path_insert:4 path_read_fail:0 ringbuf_drop:0 storage_fail:0] file_nr=45833 module=inet=1833 skipped=3400 app=1376 hit=433 miss=24 too_long=0 deleted=0 error=0 kernel=0 unvalidated=0 get=24 put=24 active=1 holders=1
PROGRESS t=10m0s events=3350 kinds=map[app:2670 native:680] verdicts=map[app:map[ok:2670] native:map[gone:12 ok:668]] bpf=map[duplicate:0 events:3350 path_insert:4 path_read_fail:0 ringbuf_drop:0 storage_fail:0] file_nr=47273 module=inet=3350 skipped=6350 app=2670 hit=656 miss=24 too_long=0 deleted=0 error=0 kernel=0 unvalidated=0 get=24 put=24 active=1 holders=1
PROGRESS t=15m0s events=4618 kinds=map[app:3764 native:854] verdicts=map[app:map[ok:3764] native:map[gone:12 ok:842]] bpf=map[duplicate:0 events:4618 path_insert:4 path_read_fail:0 ringbuf_drop:0 storage_fail:0] file_nr=47433 module=inet=4618 skipped=8157 app=3764 hit=830 miss=24 too_long=0 deleted=0 error=0 kernel=0 unvalidated=0 get=24 put=24 active=1 holders=1
PROGRESS t=20m0s events=8791 kinds=map[app:6599 native:2192] verdicts=map[app:map[ok:6599] native:map[gone:43 ok:2149]] bpf=map[duplicate:0 events:8791 path_insert:7 path_read_fail:0 ringbuf_drop:0 storage_fail:0] file_nr=45993 module=inet=8791 skipped=14011 app=6599 hit=2158 miss=34 too_long=0 deleted=0 error=0 kernel=0 unvalidated=0 get=34 put=34 active=1 holders=1
PROGRESS t=25m0s events=8973 kinds=map[app:6695 native:2278] verdicts=map[app:map[ok:6695] native:map[gone:43 ok:2235]] bpf=map[duplicate:0 events:8973 path_insert:7 path_read_fail:0 ringbuf_drop:0 storage_fail:0] file_nr=45641 module=inet=8973 skipped=15254 app=6695 hit=2244 miss=34 too_long=0 deleted=0 error=0 kernel=0 unvalidated=0 get=34 put=34 active=1 holders=1
PROGRESS t=30m0s events=10133 kinds=map[app:7426 native:2707] verdicts=map[app:map[ok:7426] native:map[gone:82 ok:2625]] bpf=map[duplicate:0 events:10133 path_insert:7 path_read_fail:0 ringbuf_drop:0 storage_fail:0] file_nr=47017 module=inet=10133 skipped=19653 app=7426 hit=2673 miss=34 too_long=0 deleted=0 error=0 kernel=0 unvalidated=0 get=34 put=34 active=1 holders=1
PROGRESS t=35m0s events=11584 kinds=map[app:8583 native:3001] verdicts=map[app:map[ok:8583] native:map[gone:82 ok:2919]] bpf=map[duplicate:0 events:11584 path_insert:7 path_read_fail:0 ringbuf_drop:0 storage_fail:0] file_nr=46889 module=inet=11584 skipped=23346 app=8583 hit=2967 miss=34 too_long=0 deleted=0 error=0 kernel=0 unvalidated=0 get=34 put=34 active=1 holders=1
PROGRESS t=40m0s events=14091 kinds=map[app:10117 native:3974] verdicts=map[app:map[ok:10117] native:map[gone:93 ok:3881]] bpf=map[duplicate:0 events:14091 path_insert:8 path_read_fail:0 ringbuf_drop:0 storage_fail:0] file_nr=48169 module=inet=14091 skipped=31577 app=10117 hit=3934 miss=40 too_long=0 deleted=0 error=0 kernel=0 unvalidated=0 get=40 put=40 active=1 holders=1
PROGRESS t=45m0s events=14849 kinds=map[app:10618 native:4231] verdicts=map[app:map[ok:10618] native:map[gone:93 ok:4138]] bpf=map[duplicate:0 events:14849 path_insert:8 path_read_fail:0 ringbuf_drop:0 storage_fail:0] file_nr=45897 module=inet=14849 skipped=36102 app=10618 hit=4189 miss=42 too_long=0 deleted=0 error=0 kernel=0 unvalidated=0 get=42 put=42 active=1 holders=1
PROGRESS t=50m0s events=17082 kinds=map[app:12329 native:4753] verdicts=map[app:map[ok:12329] native:map[gone:93 ok:4660]] bpf=map[duplicate:0 events:17082 path_insert:8 path_read_fail:0 ringbuf_drop:0 storage_fail:0] file_nr=47273 module=inet=17082 skipped=42101 app=12329 hit=4711 miss=42 too_long=0 deleted=0 error=0 kernel=0 unvalidated=0 get=42 put=42 active=1 holders=1
PROGRESS t=55m0s events=18616 kinds=map[app:13603 native:5013] verdicts=map[app:map[ok:13603] native:map[gone:93 ok:4920]] bpf=map[duplicate:0 events:18616 path_insert:8 path_read_fail:0 ringbuf_drop:0 storage_fail:0] file_nr=47433 module=inet=18616 skipped=45484 app=13603 hit=4971 miss=42 too_long=0 deleted=0 error=0 kernel=0 unvalidated=0 get=42 put=42 active=1 holders=1
PROGRESS t=1h0m0s events=20323 kinds=map[app:14873 native:5450] verdicts=map[app:map[ok:14873] native:map[gone:93 ok:5357]] bpf=map[duplicate:0 events:20323 path_insert:8 path_read_fail:0 ringbuf_drop:0 storage_fail:0] file_nr=46825 module=inet=20323 skipped=52865 app=14873 hit=5408 miss=42 too_long=0 deleted=0 error=0 kernel=0 unvalidated=0 get=42 put=42 active=1 holders=1
WATCH_DONE events=20323 kinds=map[app:14873 native:5450] verdicts=map[app:map[ok:14873] native:map[gone:93 ok:5357]] bpf=map[duplicate:0 events:20323 path_insert:8 path_read_fail:0 ringbuf_drop:0 storage_fail:0] module=inet=20323 skipped=52865 app=14873 hit=5408 miss=42 too_long=0 deleted=0 error=0 kernel=0 unvalidated=0 get=42 put=42 active=1 holders=1 distinct_paths=9 mismatches=0
FILE_NR_END 46825	0	1070370
STATS_BEFORE_UNLOAD inet=20323 skipped=52865 app=14873 hit=5408 miss=42 too_long=0 deleted=0 error=0 kernel=0 unvalidated=0 get=42 put=42 active=0 holders=0
DMESG captured_lines=79734 lines_since_mark=70549
6,2086260,245477711810,-,caller=T25329;sbo_enh_probe: baseline resolved dev=266338314 ino=10829601 gen=0
6,2086261,245477713215,-,caller=T25329;sbo_enh_probe: loaded (/dev/sbo_enhancement_probe mode 0600)
6,2133425,249078021153,-,caller=T18649;sbo_enh_probe: file_ref check: get_file_rcu=42 fput=42 delta=0
4,2111685,247948670506,-,caller=C0;qcom,fastrpc 32300000.remoteproc-cdsp:glink-edge.fastrpcglink-apps-dsp.-1.-1: Warning: fastrpc_notif_find_process: user-obj for fl (0000000000000000) being released
4,2111686,247948671928,-,caller=C0;qcom,fastrpc 32300000.remoteproc-cdsp:glink-edge.fastrpcglink-apps-dsp.-1.-1: Warning: fastrpc_notif_find_process: user-obj for fl (0000000000000000) being released
4,2111687,247948676756,-,caller=C0;qcom,fastrpc 32300000.remoteproc-cdsp:glink-edge.fastrpcglink-apps-dsp.-1.-1: Warning: fastrpc_notif_find_process: user-obj for fl (0000000000000000) being released
4,2111688,247948683298,-,caller=C0;qcom,fastrpc 32300000.remoteproc-cdsp:glink-edge.fastrpcglink-apps-dsp.-1.-1: Warning: fastrpc_notif_find_process: user-obj for fl (0000000000000000) being released
4,2111871,247965729846,-,caller=C0;qcom,fastrpc 32300000.remoteproc-cdsp:glink-edge.fastrpcglink-apps-dsp.-1.-1: Warning: fastrpc_notif_find_process: user-obj for fl (0000000000000000) being released
4,2112421,248075374270,-,caller=C0;qcom,fastrpc 32300000.remoteproc-cdsp:glink-edge.fastrpcglink-apps-dsp.-1.-1: Warning: fastrpc_notif_find_process: user-obj for fl (0000000000000000) being released
4,2112879,248187049865,-,caller=T1410;WARNING: CPU: 5 PID: 1410 at drivers/gpu/drm/drm_vblank.c:1462 drm_crtc_set_max_vblank_count+0xcc/0xd8
4,2112882,248187050018,c,caller=T1410; qcrypto_msm_dlkm(O) mca_protocol_pd_class(O) coresight_tmc_sec(O) qce50_dlkm(O) coresight_remote_etm(O) snd_event_dlkm(O) msm_hfi_core(O) bt_fm_swr(O) sla(O) btfm_slim_codec(O) io_monitor(O) mi_ubt_test(O) mac80211(O) dump_display(O) mi_trace(O) gsim(O) msm_video(O) qcom_q6v5_pas(O) tz_log_dlkm(O) mca_platform_loadsw_class(O) glink_probe(O) hl7603(O) mca_protocol_qc_class(O) qcom_pd_mapper(O) phy_msm_snps_eusb2(O) mhi(O) wcd938x_slave_dlkm(O) wcd937x_slave_dlkm(O) wcd939x_slave_dlkm(O) repeater_qti_pmic_eusb2(O) qcom_cpuss_sleep_stats_v4(O) mca_platform_wireless_class(O) mca_platform_cp_class(O) phy_msm_m31_eusb2(O) pdr_interface(O) coresight_dummy(O) btpower(O) msm_hw_fence(O) qcom_dynamic_ramoops(O) btfmcodec(O) gpio_mi_t1(O) qsee_ipc_irq_bridge(O) cnss_utils(O) cpucp_log(O) stm_nfc_i2c(O) hdcp_qseecom_dlkm(O) mitee_dlkm(O) qcom_lpm_monitor(O) sia91xx_tuning_dlkm(O) qti_qmi_cdev(O) xiaomi_touch(O) wlan_firmware_service(O) snd_usb_audio_qmi(O) cnss_nl(O) stm_st54se_gpio(O) wcd_core_dlkm(O) minet(O)
4,2112883,248187050089,c,caller=T1410; radio_i2c_rtc6226_qca(O) sdca_registers_dlkm(O) hypsys_netlink(O) printk_enhance(O) mi_stack(O) ir_spi(O) dump_binder(O) gunyah_trace(O) mtdoops(O) mi_ubt(O) rss_monitor(O) qti_dynamic_hw_trip(O) gpu_freq_stats(O) qti_thermal_vendor_hooks(O) lmh_stats(O) mbhc_dlkm(O) simple_amp_dlkm(O) q6_dlkm(O) wcd9378_slave_dlkm(O) qti_power_telemetry(O) qcom_q6v5(O) mca_business_misc_comp(O) dmesg_dumper(O) charger_partition(O) mca_business_battery_comp(O) qcom_pon(O) msm_memshare(O) thermal_config(O) core_hang_detect(O) qcom_stats(O) ddr_cdev(O) msm_sharedmem(O) qti_devfreq_cdev(O) ipclite(O) spmi_pmic_err_debug(O) spi_msm_geni(O) qrtr_smd(O) msm_ext_display(O) boot_stats(O) cameramsger(O) ledtrig_pattern(O) hardwareinfo(O) qrng_dlkm(O) spi_geni_qcom(O) phy_msm_snps_hs(O) qpnp_lcdb_regulator(O) mca_protocol_class(O) sps_drv(O) bwmon(O) rmnet_mem(O) slimbus(O) mpam_msc(O) mi_cam(O) cs35l43_dlkm(O) tfa98xx_dlkm(O) rmnet_sch(O) redriver(O) msm_mmrm(O) smem_mailbox(O) qti_userspace_cdev(O) smmu_proxy_dlkm(O) nxp_nci(O)
ERROR: kernel warning since mark
