13:25:49 A1 start 1.14.2-c71e88dba-strict-attribution pid=8202
13:25:49 A1 t=0 rss_kB=45832 Sys=37116168 HeapAlloc=9743136 HeapIdle=14950400 HeapInuse=12771328 HeapReleased=11771904 NumGC=23 goroutines=62
13:25:54 A1 t=5 rss_kB=47796
13:25:59 A1 t=10 rss_kB=48220
13:26:04 A1 t=15 rss_kB=48528
13:26:09 A1 t=20 rss_kB=48528
13:26:14 A1 t=25 rss_kB=48660
13:26:19 A1 t=30 rss_kB=48796 Sys=37116168 HeapAlloc=8359920 HeapIdle=15179776 HeapInuse=11591680 HeapReleased=10338304 NumGC=26 goroutines=103
13:26:24 A1 t=35 rss_kB=49008
13:26:29 A1 t=40 rss_kB=49028
13:26:34 A1 t=45 rss_kB=49036
13:26:39 A1 t=50 rss_kB=49036
13:26:44 A1 t=55 rss_kB=49040
13:26:50 A1 t=60 rss_kB=49056 Sys=37116168 HeapAlloc=10993880 HeapIdle=12460032 HeapInuse=13885440 HeapReleased=10182656 NumGC=26 goroutines=103
13:26:55 A1 t=65 rss_kB=52120
13:27:00 A1 t=70 rss_kB=52232
13:27:05 A1 t=75 rss_kB=52264
13:27:10 A1 t=80 rss_kB=52264
13:27:15 A1 t=85 rss_kB=52272
13:27:20 A1 t=90 rss_kB=52276 Sys=37116168 HeapAlloc=13535096 HeapIdle=9609216 HeapInuse=16801792 HeapReleased=6971392 NumGC=28 goroutines=103
13:27:25 A1 t=95 rss_kB=52308
13:27:30 A1 t=100 rss_kB=52368
13:27:35 A1 t=105 rss_kB=52376
13:27:40 A1 t=110 rss_kB=51100
13:27:45 A1 t=115 rss_kB=51104
13:27:50 A1 t=120 rss_kB=51112 Sys=37116168 HeapAlloc=8327800 HeapIdle=14319616 HeapInuse=12025856 HeapReleased=8282112 NumGC=29 goroutines=103
13:27:55 A1 t=125 rss_kB=52992
13:28:01 A1 t=130 rss_kB=53236
13:28:06 A1 t=135 rss_kB=53412
13:28:11 A1 t=140 rss_kB=53428
13:28:16 A1 t=145 rss_kB=53592
13:28:21 A1 t=150 rss_kB=53660 Sys=37116168 HeapAlloc=9256976 HeapIdle=13541376 HeapInuse=12673024 HeapReleased=5742592 NumGC=31 goroutines=101
13:28:26 A1 t=155 rss_kB=53680
13:28:31 A1 t=160 rss_kB=53688
13:28:36 A1 t=165 rss_kB=53712
13:28:41 A1 t=170 rss_kB=53720
13:28:46 A1 t=175 rss_kB=53720
13:28:51 A1 t=180 rss_kB=53720 Sys=37116168 HeapAlloc=11925224 HeapIdle=11223040 HeapInuse=14893056 HeapReleased=5742592 NumGC=31 goroutines=103
13:28:56 A1 t=185 rss_kB=53752
13:29:01 A1 t=190 rss_kB=53752
13:29:07 A1 t=195 rss_kB=53752
13:29:12 A1 t=200 rss_kB=53752
13:29:17 A1 t=205 rss_kB=51664
13:29:22 A1 t=210 rss_kB=51664 Sys=37116168 HeapAlloc=8146376 HeapIdle=14065664 HeapInuse=12345344 HeapReleased=7970816 NumGC=32 goroutines=95
13:29:27 A1 t=215 rss_kB=51668
13:29:32 A1 t=220 rss_kB=51668
13:29:37 A1 t=225 rss_kB=51668
13:29:42 A1 t=230 rss_kB=51672
13:29:47 A1 t=235 rss_kB=51672
13:29:52 A1 t=240 rss_kB=51672 Sys=37116168 HeapAlloc=10336640 HeapIdle=12435456 HeapInuse=13778944 HeapReleased=7970816 NumGC=32 goroutines=99
13:29:57 A1 t=245 rss_kB=52664
13:30:02 A1 t=250 rss_kB=53268
13:30:07 A1 t=255 rss_kB=53268
13:30:12 A1 t=260 rss_kB=53268
13:30:17 A1 t=265 rss_kB=53272
13:30:22 A1 t=270 rss_kB=53280 Sys=37116168 HeapAlloc=12165672 HeapIdle=10584064 HeapInuse=15728640 HeapReleased=6193152 NumGC=34 goroutines=86
13:30:28 A1 t=275 rss_kB=53284
13:30:33 A1 t=280 rss_kB=53284
13:30:38 A1 t=285 rss_kB=53292
13:30:43 A1 t=290 rss_kB=53292
13:30:48 A1 t=295 rss_kB=53292
13:30:53 A1 work cpu_ticks=421 udp_out=51361 rx_MB=42
13:30:53 A1 end rss_kB=54312 Sys=37116168 HeapAlloc=11844176 HeapIdle=9953280 HeapInuse=16261120 HeapReleased=4571136 NumGC=35 goroutines=69
13:31:02 B1 start 1.15.0-alpha.9-42b961696-udpbatch pid=22142
13:31:02 B1 t=0 rss_kB=45152 Sys=36854024 HeapAlloc=6626184 HeapIdle=17883136 HeapInuse=9838592 HeapReleased=12500992 NumGC=25 goroutines=62
13:31:07 B1 t=5 rss_kB=47076
13:31:12 B1 t=10 rss_kB=49008
13:31:17 B1 t=15 rss_kB=50752
13:31:22 B1 t=20 rss_kB=50196
13:31:27 B1 t=25 rss_kB=50200
13:31:33 B1 t=30 rss_kB=50200 Sys=36854024 HeapAlloc=11904616 HeapIdle=11706368 HeapInuse=14966784 HeapReleased=9363456 NumGC=29 goroutines=95
13:31:38 B1 t=35 rss_kB=50256
13:31:43 B1 t=40 rss_kB=50256
13:31:48 B1 t=45 rss_kB=50272
13:31:53 B1 t=50 rss_kB=50272
13:31:58 B1 t=55 rss_kB=50276
13:32:03 B1 t=60 rss_kB=50416 Sys=36854024 HeapAlloc=12756904 HeapIdle=10059776 HeapInuse=15990784 HeapReleased=9166848 NumGC=30 goroutines=103
13:32:08 B1 t=65 rss_kB=51368
13:32:13 B1 t=70 rss_kB=51692
13:32:18 B1 t=75 rss_kB=52340
13:32:23 B1 t=80 rss_kB=52480
13:32:28 B1 t=85 rss_kB=52632
13:32:33 B1 t=90 rss_kB=52700 Sys=36854024 HeapAlloc=9432848 HeapIdle=12959744 HeapInuse=13123584 HeapReleased=6447104 NumGC=32 goroutines=103
13:32:38 B1 t=95 rss_kB=52744
13:32:43 B1 t=100 rss_kB=52748
13:32:48 B1 t=105 rss_kB=52768
13:32:53 B1 t=110 rss_kB=52768
13:32:58 B1 t=115 rss_kB=52772
13:33:04 B1 t=120 rss_kB=52792 Sys=36854024 HeapAlloc=13296128 HeapIdle=9125888 HeapInuse=16498688 HeapReleased=6430720 NumGC=32 goroutines=105
13:33:09 B1 t=125 rss_kB=53456
13:33:14 B1 t=130 rss_kB=53464
13:33:19 B1 t=135 rss_kB=53484
13:33:24 B1 t=140 rss_kB=53492
13:33:29 B1 t=145 rss_kB=53496
13:33:34 B1 t=150 rss_kB=53508 Sys=36854024 HeapAlloc=15653840 HeapIdle=6889472 HeapInuse=18702336 HeapReleased=5971968 NumGC=33 goroutines=105
13:33:39 B1 t=155 rss_kB=53716
13:33:44 B1 t=160 rss_kB=53764
13:33:49 B1 t=165 rss_kB=53788
13:33:54 B1 t=170 rss_kB=53800
13:33:59 B1 t=175 rss_kB=53804
13:34:04 B1 t=180 rss_kB=53824 Sys=36854024 HeapAlloc=10524992 HeapIdle=11337728 HeapInuse=14123008 HeapReleased=5701632 NumGC=34 goroutines=86
13:34:09 B1 t=185 rss_kB=54536
13:34:14 B1 t=190 rss_kB=54556
13:34:20 B1 t=195 rss_kB=54676
13:34:25 B1 t=200 rss_kB=54696
13:34:30 B1 t=205 rss_kB=52716
13:34:35 B1 t=210 rss_kB=52172 Sys=36854024 HeapAlloc=10553416 HeapIdle=8069120 HeapInuse=15785984 HeapReleased=3072000 NumGC=36 goroutines=253
13:34:40 B1 t=215 rss_kB=53852
13:34:45 B1 t=220 rss_kB=53860
13:34:50 B1 t=225 rss_kB=53868
13:34:55 B1 t=230 rss_kB=53876
13:35:00 B1 t=235 rss_kB=51624
13:35:05 B1 t=240 rss_kB=51676 Sys=36854024 HeapAlloc=13734944 HeapIdle=7847936 HeapInuse=17121280 HeapReleased=3055616 NumGC=36 goroutines=105
13:35:10 B1 t=245 rss_kB=55692
13:35:15 B1 t=250 rss_kB=55892
13:35:20 B1 t=255 rss_kB=55928
13:35:25 B1 t=260 rss_kB=55928
13:35:30 B1 t=265 rss_kB=55904
13:35:35 B1 t=270 rss_kB=55944 Sys=41310472 HeapAlloc=16436592 HeapIdle=9101312 HeapInuse=20094976 HeapReleased=5300224 NumGC=37 goroutines=103
13:35:40 B1 t=275 rss_kB=54372
13:35:45 B1 t=280 rss_kB=54372
13:35:50 B1 t=285 rss_kB=54372
13:35:55 B1 t=290 rss_kB=54408
13:36:00 B1 t=295 rss_kB=54384
13:36:06 B1 work cpu_ticks=539 udp_out=21532 rx_MB=55
13:36:06 B1 end rss_kB=53460 Sys=41310472 HeapAlloc=9756560 HeapIdle=14729216 HeapInuse=15024128 HeapReleased=6463488 NumGC=39 goroutines=86
13:36:14 A2 start 1.14.2-c71e88dba-strict-attribution pid=10320
13:36:15 A2 t=0 rss_kB=48316 Sys=32659720 HeapAlloc=9877952 HeapIdle=10739712 HeapInuse=12787712 HeapReleased=5742592 NumGC=26 goroutines=62
13:36:20 A2 t=5 rss_kB=48860
13:36:25 A2 t=10 rss_kB=49284
13:36:30 A2 t=15 rss_kB=49668
13:36:35 A2 t=20 rss_kB=49724
13:36:40 A2 t=25 rss_kB=49740
13:36:45 A2 t=30 rss_kB=49748 Sys=32659720 HeapAlloc=8565264 HeapIdle=10665984 HeapInuse=11780096 HeapReleased=6299648 NumGC=29 goroutines=103
13:36:50 A2 t=35 rss_kB=49792
13:36:55 A2 t=40 rss_kB=49800
13:37:00 A2 t=45 rss_kB=49808
13:37:05 A2 t=50 rss_kB=49808
13:37:10 A2 t=55 rss_kB=49916
13:37:15 A2 t=60 rss_kB=49996 Sys=32659720 HeapAlloc=11267520 HeapIdle=7626752 HeapInuse=14458880 HeapReleased=6103040 NumGC=29 goroutines=103
13:37:20 A2 t=65 rss_kB=56024
13:37:25 A2 t=70 rss_kB=56172
13:37:30 A2 t=75 rss_kB=56208
13:37:36 A2 t=80 rss_kB=56340
13:37:41 A2 t=85 rss_kB=53092
13:37:46 A2 t=90 rss_kB=53160 Sys=36923672 HeapAlloc=8089816 HeapIdle=14548992 HeapInuse=11894784 HeapReleased=7200768 NumGC=32 goroutines=103
13:37:51 A2 t=95 rss_kB=53252
13:37:56 A2 t=100 rss_kB=53264
13:38:01 A2 t=105 rss_kB=53272
13:38:06 A2 t=110 rss_kB=53288
13:38:11 A2 t=115 rss_kB=53288
13:38:16 A2 t=120 rss_kB=53296 Sys=36923672 HeapAlloc=10537488 HeapIdle=12566528 HeapInuse=13615104 HeapReleased=7086080 NumGC=32 goroutines=103
13:38:21 A2 t=125 rss_kB=53868
13:38:26 A2 t=130 rss_kB=54092
13:38:31 A2 t=135 rss_kB=54424
13:38:36 A2 t=140 rss_kB=54468
13:38:41 A2 t=145 rss_kB=54484
13:38:47 A2 t=150 rss_kB=54496 Sys=36923672 HeapAlloc=10508664 HeapIdle=12451840 HeapInuse=13860864 HeapReleased=5832704 NumGC=34 goroutines=101
13:38:52 A2 t=155 rss_kB=54512
13:38:57 A2 t=160 rss_kB=54512
13:39:02 A2 t=165 rss_kB=54528
13:39:07 A2 t=170 rss_kB=54528
13:39:12 A2 t=175 rss_kB=54532
13:39:17 A2 t=180 rss_kB=54536 Sys=36923672 HeapAlloc=12951936 HeapIdle=10199040 HeapInuse=15818752 HeapReleased=5832704 NumGC=34 goroutines=103
13:39:22 A2 t=185 rss_kB=53728
13:39:27 A2 t=190 rss_kB=50924
13:39:32 A2 t=195 rss_kB=49948
13:39:37 A2 t=200 rss_kB=49948
13:39:42 A2 t=205 rss_kB=50020
13:39:47 A2 t=210 rss_kB=50020 Sys=36923672 HeapAlloc=14341320 HeapIdle=8249344 HeapInuse=17571840 HeapReleased=6553600 NumGC=35 goroutines=103
13:39:52 A2 t=215 rss_kB=51392
13:39:57 A2 t=220 rss_kB=51392
13:40:02 A2 t=225 rss_kB=51396
13:40:07 A2 t=230 rss_kB=51400
13:40:12 A2 t=235 rss_kB=51400
13:40:18 A2 t=240 rss_kB=51404 Sys=36923672 HeapAlloc=9657008 HeapIdle=12369920 HeapInuse=13451264 HeapReleased=6488064 NumGC=36 goroutines=103
13:40:23 A2 t=245 rss_kB=51456
13:40:28 A2 t=250 rss_kB=51472
13:40:33 A2 t=255 rss_kB=51692
13:40:38 A2 t=260 rss_kB=51744
13:40:43 A2 t=265 rss_kB=51744
13:40:48 A2 t=270 rss_kB=51772 Sys=36923672 HeapAlloc=10430200 HeapIdle=12017664 HeapInuse=14098432 HeapReleased=6283264 NumGC=39 goroutines=97
13:40:53 A2 t=275 rss_kB=51800
13:40:58 A2 t=280 rss_kB=51800
13:41:03 A2 t=285 rss_kB=51800
13:41:08 A2 t=290 rss_kB=51808
13:41:13 A2 t=295 rss_kB=51816
13:41:18 A2 work cpu_ticks=508 udp_out=61828 rx_MB=52
13:41:19 A2 end rss_kB=52180 Sys=36923672 HeapAlloc=11449232 HeapIdle=10330112 HeapInuse=15982592 HeapReleased=4734976 NumGC=40 goroutines=69
13:41:27 B2 start 1.15.0-alpha.9-42b961696-udpbatch pid=24869
13:41:28 B2 t=0 rss_kB=47368 Sys=37513496 HeapAlloc=8142800 HeapIdle=16678912 HeapInuse=11042816 HeapReleased=12763136 NumGC=24 goroutines=62
13:41:33 B2 t=5 rss_kB=50456
13:41:38 B2 t=10 rss_kB=50480
13:41:43 B2 t=15 rss_kB=50608
13:41:48 B2 t=20 rss_kB=50848
13:41:53 B2 t=25 rss_kB=51172
13:41:58 B2 t=30 rss_kB=51556 Sys=37513496 HeapAlloc=12668584 HeapIdle=10772480 HeapInuse=15540224 HeapReleased=10100736 NumGC=26 goroutines=103
13:42:03 B2 t=35 rss_kB=52496
13:42:08 B2 t=40 rss_kB=52560
13:42:13 B2 t=45 rss_kB=52620
13:42:18 B2 t=50 rss_kB=52628
13:42:23 B2 t=55 rss_kB=52680
13:42:28 B2 t=60 rss_kB=52688 Sys=37513496 HeapAlloc=12299096 HeapIdle=10371072 HeapInuse=15548416 HeapReleased=8708096 NumGC=27 goroutines=103
13:42:33 B2 t=65 rss_kB=54232
13:42:38 B2 t=70 rss_kB=54240
13:42:43 B2 t=75 rss_kB=54320
13:42:49 B2 t=80 rss_kB=54464
13:42:54 B2 t=85 rss_kB=54776
13:42:59 B2 t=90 rss_kB=54808 Sys=37513496 HeapAlloc=9170400 HeapIdle=12558336 HeapInuse=13361152 HeapReleased=6733824 NumGC=29 goroutines=107
13:43:04 B2 t=95 rss_kB=54832
13:43:09 B2 t=100 rss_kB=54884
13:43:14 B2 t=105 rss_kB=54892
13:43:19 B2 t=110 rss_kB=54896
13:43:24 B2 t=115 rss_kB=54896
13:43:29 B2 t=120 rss_kB=54896 Sys=37513496 HeapAlloc=11952888 HeapIdle=10657792 HeapInuse=15196160 HeapReleased=6668288 NumGC=29 goroutines=103
13:43:34 B2 t=125 rss_kB=55756
13:43:39 B2 t=130 rss_kB=55760
13:43:44 B2 t=135 rss_kB=55768
13:43:49 B2 t=140 rss_kB=55776
13:43:54 B2 t=145 rss_kB=55780
13:43:59 B2 t=150 rss_kB=55780 Sys=37513496 HeapAlloc=13816168 HeapIdle=8732672 HeapInuse=16924672 HeapReleased=5890048 NumGC=30 goroutines=103
13:44:04 B2 t=155 rss_kB=55784
13:44:09 B2 t=160 rss_kB=55784
13:44:14 B2 t=165 rss_kB=55784
13:44:19 B2 t=170 rss_kB=55800
13:44:25 B2 t=175 rss_kB=55800
13:44:30 B2 t=180 rss_kB=56020 Sys=37513496 HeapAlloc=8904240 HeapIdle=12140544 HeapInuse=13647872 HeapReleased=5562368 NumGC=31 goroutines=103
13:44:35 B2 t=185 rss_kB=56328
13:44:40 B2 t=190 rss_kB=56376
13:44:45 B2 t=195 rss_kB=56376
13:44:50 B2 t=200 rss_kB=56376
13:44:55 B2 t=205 rss_kB=56388
13:45:00 B2 t=210 rss_kB=56396 Sys=37513496 HeapAlloc=11598248 HeapIdle=10264576 HeapInuse=15327232 HeapReleased=5218304 NumGC=32 goroutines=103
13:45:05 B2 t=215 rss_kB=56400
13:45:10 B2 t=220 rss_kB=56412
13:45:15 B2 t=225 rss_kB=56416
13:45:20 B2 t=230 rss_kB=56416
13:45:25 B2 t=235 rss_kB=56420
13:45:30 B2 t=240 rss_kB=56428 Sys=37513496 HeapAlloc=14408184 HeapIdle=8101888 HeapInuse=17358848 HeapReleased=5218304 NumGC=32 goroutines=103
13:45:35 B2 t=245 rss_kB=56592
13:45:41 B2 t=250 rss_kB=56592
13:45:46 B2 t=255 rss_kB=56608
13:45:51 B2 t=260 rss_kB=56620
13:45:56 B2 t=265 rss_kB=56620
13:46:01 B2 t=270 rss_kB=56636 Sys=37513496 HeapAlloc=16180952 HeapIdle=5955584 HeapInuse=19439616 HeapReleased=5029888 NumGC=33 goroutines=101
13:46:06 B2 t=275 rss_kB=56724
13:46:11 B2 t=280 rss_kB=56728
13:46:16 B2 t=285 rss_kB=56896
13:46:21 B2 t=290 rss_kB=56968
13:46:26 B2 t=295 rss_kB=56976
13:46:31 B2 work cpu_ticks=392 udp_out=14960 rx_MB=52
13:46:31 B2 end rss_kB=58128 Sys=41707800 HeapAlloc=10094032 HeapIdle=14606336 HeapInuse=15147008 HeapReleased=6529024 NumGC=35 goroutines=86
13:46:40 restored 1.14.2-c71e88dba-strict-attribution
13:46:40 memtest done
