CGSCAN processes=268 by_uid_class=map[app:map[ancestor:2 own:56] isolated:map[own:4] root:map[ancestor:8 own:31 shared:26] system:map[ancestor:3 own:129 own_uid_x:7 shared:2]]
CGSCAN_SHARED 28 /
CGSCAN_NOT_OWN class=shared uid=0 pid=1 argv0="/system/bin/init" exe="/system/bin/init" cgroup="/"
CGSCAN_NOT_OWN class=shared uid=0 pid=10594 argv0="inotifyd" exe="/system/bin/toybox" cgroup="/"
CGSCAN_NOT_OWN class=shared uid=0 pid=10595 argv0="inotifyd" exe="/system/bin/toybox" cgroup="/"
CGSCAN_NOT_OWN class=own_uid_x uid=1000 pid=1116 argv0="/vendor/bin/qseecomd" exe="/vendor/bin/qseecomd" cgroup="/system/uid_0/pid_1116"
CGSCAN_NOT_OWN class=ancestor uid=2000 pid=11164 argv0="abb" exe="/system/bin/abb" cgroup="/system/uid_0/pid_3183"
CGSCAN_NOT_OWN class=shared uid=0 pid=12634 argv0="zn-zygisk-companion64 oh_my_keymint" exe="/data/adb/modules/zygisksu/bin/zygiskd64" cgroup="/"
CGSCAN_NOT_OWN class=ancestor uid=0 pid=1471 argv0="virtmgr_avf_qcvm_manage" exe="/apex/com.android.virt/bin/early_virtmgr" cgroup="/system/uid_0/pid_1210"
CGSCAN_NOT_OWN class=ancestor uid=0 pid=1484 argv0="crosvm_trustedvm" exe="/apex/com.android.virt/bin/crosvm" cgroup="/system/uid_0/pid_1210"
CGSCAN_NOT_OWN class=ancestor uid=0 pid=1495 argv0="virtmgr_avf_qcvm_manage" exe="/apex/com.android.virt/bin/early_virtmgr" cgroup="/system/uid_0/pid_1210"
CGSCAN_NOT_OWN class=ancestor uid=0 pid=1509 argv0="crosvm_oemvm" exe="/apex/com.android.virt/bin/crosvm" cgroup="/system/uid_0/pid_1210"
CGSCAN_NOT_OWN class=shared uid=0 pid=1636 argv0="toybox" exe="/system/bin/toybox" cgroup="/"
CGSCAN_NOT_OWN class=shared uid=0 pid=1880 argv0="zn-daemon" exe="/data/adb/modules/zygisksu/bin/zygiskd64" cgroup="/"
CGSCAN_NOT_OWN class=shared uid=0 pid=1912 argv0="/system/bin/logcat" exe="/system/bin/logcat" cgroup="/"
CGSCAN_NOT_OWN class=ancestor uid=0 pid=19270 argv0="usap64" exe="/system/bin/app_process64" cgroup="/system/uid_0/pid_2034"
CGSCAN_NOT_OWN class=shared uid=0 pid=1928 argv0="sui" exe="/system/bin/app_process64" cgroup="/"
CGSCAN_NOT_OWN class=own_uid_x uid=9999 pid=2219 argv0="/vendor/bin/rmt_storage" exe="/vendor/bin/rmt_storage" cgroup="/system/uid_0/pid_2219"
CGSCAN_NOT_OWN class=own_uid_x uid=2903 pid=2220 argv0="/vendor/bin/tftp_server" exe="/vendor/bin/tftp_server" cgroup="/system/uid_0/pid_2220"
CGSCAN_NOT_OWN class=ancestor uid=0 pid=25243 argv0="usap64" exe="/system/bin/app_process64" cgroup="/system/uid_0/pid_2034"
CGSCAN_NOT_OWN class=ancestor uid=10410 pid=26067 argv0="com.xingin.xhs:widgetProvider" exe="/system/bin/app_process64" cgroup="/apps/uid_10410/pid_18584"
CGSCAN_NOT_OWN class=ancestor uid=10410 pid=26186 argv0="zygote" exe="/system/bin/app_process64" cgroup="/apps/uid_10410/pid_18584"
CGSCAN_NOT_OWN class=own_uid_x uid=1000 pid=2649 argv0="/vendor/bin/tcpdump" exe="/vendor/bin/tcpdump" cgroup="/system/uid_0/pid_2649"
CGSCAN_NOT_OWN class=shared uid=0 pid=281 argv0="/system/bin/init" exe="/system/bin/init" cgroup="/"
CGSCAN_NOT_OWN class=own_uid_x uid=1001 pid=2912 argv0="/system/vendor/bin/nicmd" exe="/vendor/bin/nicmd" cgroup="/system/uid_0/pid_2912"
CGSCAN_NOT_OWN class=own_uid_x uid=1001 pid=2939 argv0="/vendor/bin/qms" exe="/vendor/bin/qms" cgroup="/system/uid_0/pid_2939"
CGSCAN_NOT_OWN class=shared uid=0 pid=29936 argv0="/system/bin/sh" exe="/system/bin/sh" cgroup="/"
CGSCAN_NOT_OWN class=shared uid=0 pid=29937 argv0="sh" exe="/system/bin/sh" cgroup="/"
CGSCAN_NOT_OWN class=shared uid=0 pid=29952 argv0="cat" exe="/system/bin/toybox" cgroup="/"
CGSCAN_NOT_OWN class=ancestor uid=1001 pid=3043 argv0="/vendor/bin/tlpd" exe="/vendor/bin/tlpd" cgroup="/system/uid_1001/pid_2940"
CGSCAN_NOT_OWN class=shared uid=0 pid=3099 argv0="/data/adb/ksu/bin/busybox" exe="/data/adb/ksu/bin/busybox (deleted)" cgroup="/"
CGSCAN_NOT_OWN class=shared uid=0 pid=3162 argv0="/system/bin/sh" exe="/system/bin/sh" cgroup="/"
CGSCAN_NOT_OWN class=shared uid=0 pid=3171 argv0="sh" exe="/data/adb/ksu/bin/busybox (deleted)" cgroup="/"
CGSCAN_NOT_OWN class=own_uid_x uid=2000 pid=3183 argv0="/apex/com.android.adbd/bin/adbd" exe="/apex/com.android.adbd/bin/adbd" cgroup="/system/uid_0/pid_3183"
CGSCAN_NOT_OWN class=shared uid=1017 pid=3243 argv0="/data/adb/modules/oh_my_keymint/libs/arm64-v8a/keymint" exe="/data/adb/modules/oh_my_keymint/libs/arm64-v8a/keymint" cgroup="/"
CGSCAN_NOT_OWN class=shared uid=0 pid=3300 argv0="/data/adb/modules/oh_my_keymint/libs/arm64-v8a/keymint" exe="/data/adb/modules/oh_my_keymint/libs/arm64-v8a/keymint" cgroup="/"
CGSCAN_NOT_OWN class=shared uid=2000 pid=3323 argv0="sui_shell" exe="/system/bin/app_process64" cgroup="/"
CGSCAN_NOT_OWN class=shared uid=0 pid=3372 argv0="lspd" exe="/system/bin/app_process64" cgroup="/"
CGSCAN_NOT_OWN class=shared uid=0 pid=3680 argv0="sh" exe="/data/adb/ksu/bin/busybox (deleted)" cgroup="/"
CGSCAN_NOT_OWN class=shared uid=0 pid=3758 argv0="zn-nsdaemon-zygote" exe="/data/adb/modules/zygisksu/bin/zygiskd64" cgroup="/"
CGSCAN_NOT_OWN class=shared uid=0 pid=3862 argv0="zn-zygisk-companion64 zygisk_lsposed" exe="/data/adb/modules/zygisksu/bin/zygiskd64" cgroup="/"
CGSCAN_NOT_OWN class=shared uid=0 pid=3970 argv0="zn-zygisk-companion64 zygisk-sui" exe="/data/adb/modules/zygisksu/bin/zygiskd64" cgroup="/"
CGSCAN_NOT_OWN class=shared uid=0 pid=4190 argv0="sh" exe="/data/adb/ksu/bin/busybox (deleted)" cgroup="/"
CGSCAN_NOT_OWN class=shared uid=0 pid=4718 argv0="/data/local/tmp/sboacc/sbo-acceptance" exe="/data/local/tmp/sboacc/sbo-acceptance" cgroup="/"
CGSCAN_NOT_OWN class=ancestor uid=1001 pid=5058 argv0="qsap_qms_0" exe="/vendor/bin/qms" cgroup="/system/uid_0/pid_2939"
CGSCAN_NOT_OWN class=shared uid=0 pid=5061 argv0="zn-companion64 zygisk_lsposed:arm64-v8a.so" exe="/data/adb/modules/zygisksu/bin/zygiskd64" cgroup="/"
CGSCAN_NOT_OWN class=shared uid=0 pid=5613 argv0="/system/bin/sh" exe="/system/bin/sh" cgroup="/"
CGSCAN_NOT_OWN class=shared uid=0 pid=5939 argv0="toybox" exe="/system/bin/toybox" cgroup="/"
CGSCAN_NOT_OWN class=ancestor uid=0 pid=7392 argv0="/system/bin/iptables-restore" exe="/system/bin/iptables" cgroup="/system/uid_0/pid_2006"
CGSCAN_NOT_OWN class=ancestor uid=0 pid=7412 argv0="/system/bin/ip6tables-restore" exe="/system/bin/iptables" cgroup="/system/uid_0/pid_2006"
