13:00:04 A1 start 1.14.2-c71e88dba-strict-attribution pid=19483
13:00:04 A1 t=0 rss_kB=47844 Sys=36923672 HeapAlloc=9793568 HeapIdle=14655488 HeapInuse=13066240 HeapReleased=11730944 NumGC=24 goroutines=62
13:00:09 A1 t=5 rss_kB=51164
13:00:14 A1 t=10 rss_kB=51176
13:00:19 A1 t=15 rss_kB=51188
13:00:24 A1 t=20 rss_kB=51220
13:00:29 A1 t=25 rss_kB=51712
13:00:34 A1 t=30 rss_kB=52344 Sys=37185816 HeapAlloc=12920176 HeapIdle=9846784 HeapInuse=16105472 HeapReleased=9109504 NumGC=26 goroutines=115
13:00:39 A1 t=35 rss_kB=53008
13:00:44 A1 t=40 rss_kB=53120
13:00:49 A1 t=45 rss_kB=53288
13:00:54 A1 t=50 rss_kB=53444
13:01:00 A1 t=55 rss_kB=53756
13:01:05 A1 t=60 rss_kB=53832 Sys=37185816 HeapAlloc=9483600 HeapIdle=13328384 HeapInuse=12918784 HeapReleased=7249920 NumGC=27 goroutines=107
13:01:10 A1 t=65 rss_kB=55040
13:01:15 A1 t=70 rss_kB=55164
13:01:20 A1 t=75 rss_kB=55172
13:01:25 A1 t=80 rss_kB=55176
13:01:30 A1 t=85 rss_kB=55180
13:01:35 A1 t=90 rss_kB=55196 Sys=37185816 HeapAlloc=9862928 HeapIdle=12877824 HeapInuse=13402112 HeapReleased=6414336 NumGC=29 goroutines=107
13:01:40 A1 t=95 rss_kB=55232
13:01:45 A1 t=100 rss_kB=55248
13:01:50 A1 t=105 rss_kB=55248
13:01:55 A1 t=110 rss_kB=55252
13:02:00 A1 t=115 rss_kB=55252
13:02:06 A1 t=120 rss_kB=55252 Sys=37185816 HeapAlloc=12391560 HeapIdle=10592256 HeapInuse=15425536 HeapReleased=6414336 NumGC=29 goroutines=107
13:02:11 A1 t=125 rss_kB=56652
13:02:16 A1 t=130 rss_kB=56712
13:02:21 A1 t=135 rss_kB=56720
13:02:26 A1 t=140 rss_kB=56772
13:02:31 A1 t=145 rss_kB=56916
13:02:36 A1 t=150 rss_kB=56984 Sys=37185816 HeapAlloc=10574664 HeapIdle=11935744 HeapInuse=14278656 HeapReleased=4644864 NumGC=31 goroutines=90
13:02:41 A1 t=155 rss_kB=57032
13:02:46 A1 t=160 rss_kB=57040
13:02:51 A1 t=165 rss_kB=57040
13:02:56 A1 t=170 rss_kB=57040
13:03:01 A1 t=175 rss_kB=57040
13:03:06 A1 t=180 rss_kB=57048 Sys=37185816 HeapAlloc=12910336 HeapIdle=10330112 HeapInuse=15851520 HeapReleased=4603904 NumGC=31 goroutines=105
13:03:11 A1 t=185 rss_kB=56112
13:03:16 A1 t=190 rss_kB=56112
13:03:22 A1 t=195 rss_kB=56112
13:03:27 A1 t=200 rss_kB=56148
13:03:32 A1 t=205 rss_kB=55820
13:03:37 A1 t=210 rss_kB=55892 Sys=37185816 HeapAlloc=8518144 HeapIdle=13344768 HeapInuse=12771328 HeapReleased=5881856 NumGC=33 goroutines=107
13:03:42 A1 t=215 rss_kB=56020
13:03:47 A1 t=220 rss_kB=56084
13:03:52 A1 t=225 rss_kB=56084
13:03:57 A1 t=230 rss_kB=56084
13:04:02 A1 t=235 rss_kB=56088
13:04:07 A1 t=240 rss_kB=56088 Sys=37185816 HeapAlloc=11280776 HeapIdle=11411456 HeapInuse=14508032 HeapReleased=5627904 NumGC=33 goroutines=107
13:04:12 A1 t=245 rss_kB=55748
13:04:17 A1 t=250 rss_kB=55888
13:04:22 A1 t=255 rss_kB=55904
13:04:27 A1 t=260 rss_kB=56036
13:04:32 A1 t=265 rss_kB=56064
13:04:37 A1 t=270 rss_kB=56084 Sys=37185816 HeapAlloc=10541608 HeapIdle=11468800 HeapInuse=14254080 HeapReleased=5701632 NumGC=35 goroutines=104
13:04:42 A1 t=275 rss_kB=56088
13:04:47 A1 t=280 rss_kB=56100
13:04:52 A1 t=285 rss_kB=56100
13:04:57 A1 t=290 rss_kB=56104
13:05:02 A1 t=295 rss_kB=56108
13:05:07 A1 end rss_kB=56884 Sys=37185816 HeapAlloc=9593448 HeapIdle=11616256 HeapInuse=14368768 HeapReleased=4382720 NumGC=36 goroutines=85
13:05:16 B1 start 1.15.0-alpha.9-c56f897eb-udpbatch pid=6460
13:05:16 B1 t=0 rss_kB=45008 Sys=37116168 HeapAlloc=8265600 HeapIdle=16515072 HeapInuse=11173888 HeapReleased=14155776 NumGC=24 goroutines=62
13:05:21 B1 t=5 rss_kB=50548
13:05:26 B1 t=10 rss_kB=50724
13:05:32 B1 t=15 rss_kB=51476
13:05:37 B1 t=20 rss_kB=51740
13:05:42 B1 t=25 rss_kB=52304
13:05:47 B1 t=30 rss_kB=52620 Sys=37116168 HeapAlloc=15327496 HeapIdle=8036352 HeapInuse=18276352 HeapReleased=7323648 NumGC=26 goroutines=103
13:05:52 B1 t=35 rss_kB=53416
13:05:57 B1 t=40 rss_kB=53424
13:06:02 B1 t=45 rss_kB=53480
13:06:07 B1 t=50 rss_kB=53488
13:06:12 B1 t=55 rss_kB=53504
13:06:17 B1 t=60 rss_kB=53516 Sys=37116168 HeapAlloc=10069128 HeapIdle=12550144 HeapInuse=13664256 HeapReleased=6381568 NumGC=27 goroutines=103
13:06:22 B1 t=65 rss_kB=54320
13:06:27 B1 t=70 rss_kB=54376
13:06:32 B1 t=75 rss_kB=54448
13:06:37 B1 t=80 rss_kB=54748
13:06:42 B1 t=85 rss_kB=55032
13:06:48 B1 t=90 rss_kB=55452 Sys=37116168 HeapAlloc=18055720 HeapIdle=5038080 HeapInuse=20979712 HeapReleased=4530176 NumGC=28 goroutines=103
13:06:53 B1 t=95 rss_kB=55808
13:06:58 B1 t=100 rss_kB=56288
13:07:03 B1 t=105 rss_kB=56648
13:07:08 B1 t=110 rss_kB=57156
13:07:13 B1 t=115 rss_kB=59424
13:07:18 B1 t=120 rss_kB=59500 Sys=41310472 HeapAlloc=12989952 HeapIdle=12369920 HeapInuse=17711104 HeapReleased=5177344 NumGC=29 goroutines=103
13:07:23 B1 t=125 rss_kB=59876
13:07:28 B1 t=130 rss_kB=59920
13:07:33 B1 t=135 rss_kB=59920
13:07:38 B1 t=140 rss_kB=59920
13:07:43 B1 t=145 rss_kB=59920
13:07:48 B1 t=150 rss_kB=59940 Sys=41310472 HeapAlloc=14325584 HeapIdle=11550720 HeapInuse=18202624 HeapReleased=5111808 NumGC=30 goroutines=107
13:07:54 B1 t=155 rss_kB=59964
13:07:59 B1 t=160 rss_kB=59968
13:08:04 B1 t=165 rss_kB=59976
13:08:09 B1 t=170 rss_kB=59992
13:08:14 B1 t=175 rss_kB=59992
13:08:19 B1 t=180 rss_kB=59992 Sys=41310472 HeapAlloc=17031480 HeapIdle=9691136 HeapInuse=20160512 HeapReleased=5111808 NumGC=30 goroutines=103
13:08:24 B1 t=185 rss_kB=60116
13:08:29 B1 t=190 rss_kB=60116
13:08:34 B1 t=195 rss_kB=60116
13:08:39 B1 t=200 rss_kB=60116
13:08:44 B1 t=205 rss_kB=60116
13:08:49 B1 t=210 rss_kB=60116 Sys=41310472 HeapAlloc=20191512 HeapIdle=6209536 HeapInuse=23576576 HeapReleased=5029888 NumGC=31 goroutines=101
13:08:54 B1 t=215 rss_kB=60120
13:08:59 B1 t=220 rss_kB=60124
13:09:04 B1 t=225 rss_kB=60264
13:09:10 B1 t=230 rss_kB=60512
13:09:15 B1 t=235 rss_kB=61088
13:09:20 B1 t=240 rss_kB=61108 Sys=45504776 HeapAlloc=12259504 HeapIdle=16490496 HeapInuse=17588224 HeapReleased=7577600 NumGC=32 goroutines=103
13:09:25 B1 t=245 rss_kB=61464
13:09:30 B1 t=250 rss_kB=61512
13:09:35 B1 t=255 rss_kB=61428
13:09:40 B1 t=260 rss_kB=61416
13:09:45 B1 t=265 rss_kB=61416
13:09:50 B1 t=270 rss_kB=61420 Sys=45570312 HeapAlloc=10336416 HeapIdle=19169280 HeapInuse=14909440 HeapReleased=7217152 NumGC=33 goroutines=103
13:09:55 B1 t=275 rss_kB=61420
13:10:00 B1 t=280 rss_kB=61448
13:10:05 B1 t=285 rss_kB=61456
13:10:10 B1 t=290 rss_kB=61464
13:10:15 B1 t=295 rss_kB=61476
13:10:20 B1 end rss_kB=62256 Sys=45570312 HeapAlloc=17388000 HeapIdle=12787712 HeapInuse=21192704 HeapReleased=5955584 NumGC=33 goroutines=86
13:10:29 A2 start 1.14.2-c71e88dba-strict-attribution pid=20888
13:10:29 A2 t=0 rss_kB=51096 Sys=32921864 HeapAlloc=8166328 HeapIdle=12132352 HeapInuse=11427840 HeapReleased=5431296 NumGC=24 goroutines=62
13:10:34 A2 t=5 rss_kB=51304
13:10:39 A2 t=10 rss_kB=51332
13:10:44 A2 t=15 rss_kB=51660
13:10:49 A2 t=20 rss_kB=51660
13:10:54 A2 t=25 rss_kB=51676
13:10:59 A2 t=30 rss_kB=51680 Sys=32921864 HeapAlloc=11407424 HeapIdle=7847936 HeapInuse=14401536 HeapReleased=6864896 NumGC=27 goroutines=103
13:11:04 A2 t=35 rss_kB=51892
13:11:10 A2 t=40 rss_kB=51964
13:11:15 A2 t=45 rss_kB=52080
13:11:20 A2 t=50 rss_kB=52188
13:11:25 A2 t=55 rss_kB=52204
13:11:30 A2 t=60 rss_kB=52208 Sys=32921864 HeapAlloc=9682464 HeapIdle=9306112 HeapInuse=12845056 HeapReleased=6037504 NumGC=28 goroutines=103
13:11:35 A2 t=65 rss_kB=53976
13:11:40 A2 t=70 rss_kB=54228
13:11:45 A2 t=75 rss_kB=54360
13:11:50 A2 t=80 rss_kB=54364
13:11:55 A2 t=85 rss_kB=54428
13:12:00 A2 t=90 rss_kB=54548 Sys=32921864 HeapAlloc=11826304 HeapIdle=6799360 HeapInuse=15056896 HeapReleased=3850240 NumGC=30 goroutines=103
13:12:05 A2 t=95 rss_kB=54664
13:12:10 A2 t=100 rss_kB=54700
13:12:15 A2 t=105 rss_kB=54704
13:12:20 A2 t=110 rss_kB=54720
13:12:26 A2 t=115 rss_kB=54724
13:12:31 A2 t=120 rss_kB=55052 Sys=32921864 HeapAlloc=14416280 HeapIdle=4423680 HeapInuse=17268736 HeapReleased=3342336 NumGC=30 goroutines=103
13:12:36 A2 t=125 rss_kB=55764
13:12:41 A2 t=130 rss_kB=56468
13:12:46 A2 t=135 rss_kB=56648
13:12:51 A2 t=140 rss_kB=56648
13:12:56 A2 t=145 rss_kB=56652
13:13:01 A2 t=150 rss_kB=56652 Sys=37116168 HeapAlloc=13096896 HeapIdle=9543680 HeapInuse=16605184 HeapReleased=6029312 NumGC=33 goroutines=99
13:13:06 A2 t=155 rss_kB=56032
13:13:11 A2 t=160 rss_kB=56036
13:13:16 A2 t=165 rss_kB=56044
13:13:21 A2 t=170 rss_kB=56064
13:13:26 A2 t=175 rss_kB=49584
13:13:32 A2 t=180 rss_kB=51868 Sys=37116168 HeapAlloc=11154152 HeapIdle=9117696 HeapInuse=14737408 HeapReleased=5455872 NumGC=35 goroutines=317
13:13:37 A2 t=185 rss_kB=53468
13:13:42 A2 t=190 rss_kB=59480
13:13:47 A2 t=195 rss_kB=57748
13:13:52 A2 t=200 rss_kB=57756
13:13:57 A2 t=205 rss_kB=57796
13:14:02 A2 t=210 rss_kB=57796 Sys=41572616 HeapAlloc=9941744 HeapIdle=14786560 HeapInuse=14802944 HeapReleased=7340032 NumGC=39 goroutines=138
13:14:07 A2 t=215 rss_kB=57880
13:14:12 A2 t=220 rss_kB=57904
13:14:17 A2 t=225 rss_kB=57912
13:14:22 A2 t=230 rss_kB=57936
13:14:27 A2 t=235 rss_kB=57940
13:14:32 A2 t=240 rss_kB=56088 Sys=41572616 HeapAlloc=8815024 HeapIdle=15245312 HeapInuse=14475264 HeapReleased=9306112 NumGC=40 goroutines=144
13:14:37 A2 t=245 rss_kB=56092
13:14:42 A2 t=250 rss_kB=57104
13:14:47 A2 t=255 rss_kB=57108
13:14:52 A2 t=260 rss_kB=57116
13:14:57 A2 t=265 rss_kB=57128
13:15:02 A2 t=270 rss_kB=57144 Sys=41572616 HeapAlloc=16891936 HeapIdle=9707520 HeapInuse=20078592 HeapReleased=8273920 NumGC=41 goroutines=129
13:15:07 A2 t=275 rss_kB=57412
13:15:12 A2 t=280 rss_kB=57432
13:15:18 A2 t=285 rss_kB=57432
13:15:23 A2 t=290 rss_kB=57436
13:15:28 A2 t=295 rss_kB=57436
13:15:33 A2 end rss_kB=58708 Sys=41572616 HeapAlloc=10153696 HeapIdle=13778944 HeapInuse=16171008 HeapReleased=6168576 NumGC=43 goroutines=115
13:15:41 B2 start 1.15.0-alpha.9-c56f897eb-udpbatch pid=8227
13:15:41 B2 t=0 rss_kB=46600 Sys=37185816 HeapAlloc=9137224 HeapIdle=14180352 HeapInuse=12656640 HeapReleased=10682368 NumGC=26 goroutines=96
13:15:46 B2 t=5 rss_kB=51848
13:15:51 B2 t=10 rss_kB=51960
13:15:56 B2 t=15 rss_kB=52084
13:16:01 B2 t=20 rss_kB=52100
13:16:06 B2 t=25 rss_kB=52124
13:16:11 B2 t=30 rss_kB=52136 Sys=37185816 HeapAlloc=12085808 HeapIdle=9986048 HeapInuse=15572992 HeapReleased=6332416 NumGC=28 goroutines=143
13:16:16 B2 t=35 rss_kB=52364
13:16:21 B2 t=40 rss_kB=52484
13:16:26 B2 t=45 rss_kB=52492
13:16:31 B2 t=50 rss_kB=52676
13:16:37 B2 t=55 rss_kB=52696
13:16:42 B2 t=60 rss_kB=52776 Sys=37185816 HeapAlloc=15740040 HeapIdle=6635520 HeapInuse=18694144 HeapReleased=5939200 NumGC=28 goroutines=130
13:16:47 B2 t=65 rss_kB=54424
13:16:52 B2 t=70 rss_kB=54464
13:16:57 B2 t=75 rss_kB=54468
13:17:02 B2 t=80 rss_kB=54476
13:17:07 B2 t=85 rss_kB=54484
13:17:12 B2 t=90 rss_kB=54536 Sys=37185816 HeapAlloc=13709192 HeapIdle=7856128 HeapInuse=17539072 HeapReleased=3842048 NumGC=30 goroutines=140
13:17:17 B2 t=95 rss_kB=54596
13:17:22 B2 t=100 rss_kB=54648
13:17:27 B2 t=105 rss_kB=54728
13:17:32 B2 t=110 rss_kB=53396
13:17:37 B2 t=115 rss_kB=53408
13:17:42 B2 t=120 rss_kB=53416 Sys=37185816 HeapAlloc=9782216 HeapIdle=11460608 HeapInuse=13836288 HeapReleased=5971968 NumGC=31 goroutines=131
13:17:47 B2 t=125 rss_kB=53968
13:17:52 B2 t=130 rss_kB=53976
13:17:57 B2 t=135 rss_kB=54036
13:18:02 B2 t=140 rss_kB=54040
13:18:07 B2 t=145 rss_kB=54056
13:18:12 B2 t=150 rss_kB=54064 Sys=37185816 HeapAlloc=15759920 HeapIdle=6455296 HeapInuse=18939904 HeapReleased=5414912 NumGC=32 goroutines=123
13:18:18 B2 t=155 rss_kB=54244
13:18:23 B2 t=160 rss_kB=54556
13:18:28 B2 t=165 rss_kB=54600
13:18:33 B2 t=170 rss_kB=54696
13:18:38 B2 t=175 rss_kB=54820
13:18:43 B2 t=180 rss_kB=54900 Sys=37185816 HeapAlloc=12345648 HeapIdle=8765440 HeapInuse=16400384 HeapReleased=4325376 NumGC=33 goroutines=129
13:18:48 B2 t=185 rss_kB=55520
13:18:53 B2 t=190 rss_kB=55552
13:18:58 B2 t=195 rss_kB=55560
13:19:03 B2 t=200 rss_kB=55568
13:19:08 B2 t=205 rss_kB=55584
13:19:13 B2 t=210 rss_kB=55624 Sys=37185816 HeapAlloc=17174960 HeapIdle=4734976 HeapInuse=20430848 HeapReleased=3678208 NumGC=34 goroutines=147
13:19:18 B2 t=215 rss_kB=55936
13:19:23 B2 t=220 rss_kB=57032
13:19:28 B2 t=225 rss_kB=57120
13:19:33 B2 t=230 rss_kB=57196
13:19:38 B2 t=235 rss_kB=57244
13:19:43 B2 t=240 rss_kB=57308 Sys=41380120 HeapAlloc=11810152 HeapIdle=13033472 HeapInuse=16588800 HeapReleased=5980160 NumGC=35 goroutines=126
13:19:48 B2 t=245 rss_kB=58284
13:19:53 B2 t=250 rss_kB=58328
13:19:58 B2 t=255 rss_kB=58336
13:20:03 B2 t=260 rss_kB=58336
13:20:08 B2 t=265 rss_kB=58368
13:20:14 B2 t=270 rss_kB=58372 Sys=41380120 HeapAlloc=16900936 HeapIdle=8462336 HeapInuse=20930560 HeapReleased=4882432 NumGC=36 goroutines=126
13:20:19 B2 t=275 rss_kB=58424
13:20:24 B2 t=280 rss_kB=58600
13:20:29 B2 t=285 rss_kB=58620
13:20:34 B2 t=290 rss_kB=58764
13:20:39 B2 t=295 rss_kB=58564
13:20:44 B2 end rss_kB=58960 Sys=45574424 HeapAlloc=17412448 HeapIdle=11157504 HeapInuse=22528000 HeapReleased=6955008 NumGC=37 goroutines=120
13:20:53 restored 1.14.2-c71e88dba-strict-attribution
13:20:53 memtest done
